---
source: crates/adapteros-server-api/tests/contract_snapshots.rs
assertion_line: 299
expression: "json!({ \"status\": health_status.as_u16(), \"body\": health_body })"
---
{
  "body": {
    "build_id": "a6922d2-20240101000000",
    "models": null,
    "schema_version": "1.0.0",
    "status": "healthy",
    "version": "0.4.0"
  },
  "status": 200
}
