---
source: crates/adapteros-server-api/tests/contract_snapshots.rs
assertion_line: 394
expression: "json!({ \"status\": tenant_forbidden_status.as_u16(), \"body\": tenant_forbidden_body })"
---
{
  "body": {
    "code": "FORBIDDEN",
    "error": "required role: Admin",
    "schema_version": "0.11.0"
  },
  "status": 403
}
