---
source: crates/adapteros-server-api/tests/contract_snapshots.rs
expression: "json!({ \"status\": auth_me_status.as_u16(), \"body\": auth_me_body })"
---
{
  "body": {
    "admin_tenants": [
      "*"
    ],
    "created_at": "<timestamp>",
    "display_name": "dev-admin@adapteros.local",
    "email": "<redacted>",
    "mfa_enabled": false,
    "permissions": [],
    "role": "admin",
    "schema_version": "2.0.0",
    "tenant_id": "default",
    "user_id": "<redacted>"
  },
  "status": 200
}
