---
source: crates/adapteros-server-api/tests/contract_snapshots.rs
assertion_line: 383
expression: "json!({\n    \"status\": auth_me_unauth_status.as_u16(), \"body\": auth_me_unauth_body\n})"
---
{
  "body": {
    "admin_tenants": [
      "*"
    ],
    "created_at": "<timestamp>",
    "display_name": "dev-no-auth@adapteros.local",
    "email": "<redacted>",
    "mfa_enabled": false,
    "permissions": [],
    "role": "admin",
    "schema_version": "1.0.0",
    "tenant_id": "default",
    "user_id": "<redacted>"
  },
  "status": 200
}
