---
source: crates/adapteros-server-api/tests/contract_snapshots.rs
expression: "json!({ \"status\": infer_status.as_u16(), \"body\": infer_body })"
---
{
  "body": {
    "adapters_used": [
      "adapter-test"
    ],
    "backend": "coreml",
    "backend_used": "coreml",
    "finish_reason": "stop",
    "id": "resp-e2e",
    "latency_ms": 42,
    "run_receipt": {
      "adapter_build_hash_b3": null,
      "billed_input_tokens": 16,
      "billed_output_tokens": 8,
      "cache_key_b3": null,
      "cache_scope": "global",
      "cached_prefix_digest_b3": null,
      "cached_prefix_len": 0,
      "decode_algo": "greedy",
      "disclosure_level": "full",
      "kv_evictions": 0,
      "kv_quota_enforced": false,
      "kv_residency_policy_id": null,
      "logical_output_tokens": 8,
      "logical_prompt_tokens": 16,
      "model_build_hash_b3": null,
      "model_cache_identity_v2_digest_b3": null,
      "output_digest": "<redacted>",
      "prefix_cache_hit": false,
      "prefix_cached_token_count": 0,
      "prefix_kv_bytes": 0,
      "prefix_kv_key_b3": null,
      "previous_receipt_digest": "<redacted>",
      "receipt_digest": "<redacted>",
      "receipt_signed_at": "<timestamp>",
      "receipt_signing_kid": null,
      "reduction_strategy": null,
      "retrieval_merkle_root_b3": null,
      "retrieval_order_digest_b3": null,
      "run_head_hash": "<redacted>",
      "sampling_backend": "coreml",
      "seed_digest_b3": null,
      "session_sequence": 0,
      "stop_eos_q15": null,
      "stop_policy_digest_b3": "stop-policy-digest-b3",
      "stop_reason_code": "stop",
      "stop_reason_token_index": 7,
      "stop_window_digest_b3": null,
      "temperature_q15": null,
      "tenant_kv_bytes_used": 0,
      "tenant_kv_quota_bytes": 0,
      "thread_count": null,
      "tokenizer_hash_b3": null,
      "tokenizer_normalization": null,
      "tokenizer_version": null,
      "tool_call_inputs_digest_b3": null,
      "tool_call_outputs_digest_b3": null,
      "top_k": null,
      "top_p_q15": null,
      "trace_id": "<redacted>"
    },
    "schema_version": "1.0",
    "text": "Echo: contract snapshot",
    "token_count": 8,
    "tokens_generated": 8,
    "trace": {
      "adapters_used": [
        "adapter-test"
      ],
      "evidence_spans": [],
      "latency_ms": 42,
      "router_decisions": []
    }
  },
  "status": 200
}
